node:internal/fs/watchers:321
    const error = new UVException({
                  ^

Error: EBUSY: resource busy or locked, watch 'E:\个人网站\public\images\activity-xianxia-neighbor-festival.jpg'
    at FSWatcher.<computed> (node:internal/fs/watchers:321:19)
    at Object.watch (node:fs:2548:36)
    at createFsWatchInstance (file:///E:/%E4%B8%AA%E4%BA%BA%E7%BD%91%E7%AB%99/node_modules/vite/dist/node/chunks/node.js:9185:16)
    at setFsWatchListener (file:///E:/%E4%B8%AA%E4%BA%BA%E7%BD%91%E7%AB%99/node_modules/vite/dist/node/chunks/node.js:9227:14)
    at NodeFsHandler._watchWithNodeFs (file:///E:/%E4%B8%AA%E4%BA%BA%E7%BD%91%E7%AB%99/node_modules/vite/dist/node/chunks/node.js:9342:20)
    at NodeFsHandler._handleFile (file:///E:/%E4%B8%AA%E4%BA%BA%E7%BD%91%E7%AB%99/node_modules/vite/dist/node/chunks/node.js:9386:24)
    at NodeFsHandler._addToNodeFs (file:///E:/%E4%B8%AA%E4%BA%BA%E7%BD%91%E7%AB%99/node_modules/vite/dist/node/chunks/node.js:9560:26)
Emitted 'error' event on FSWatcher instance at:
    at FSWatcher._handleError (file:///E:/%E4%B8%AA%E4%BA%BA%E7%BD%91%E7%AB%99/node_modules/vite/dist/node/chunks/node.js:10359:146)
    at NodeFsHandler._addToNodeFs (file:///E:/%E4%B8%AA%E4%BA%BA%E7%BD%91%E7%AB%99/node_modules/vite/dist/node/chunks/node.js:9565:18) {
  errno: -4082,
  syscall: 'watch',
  code: 'EBUSY',
  path: 'E:\\个人网站\\public\\images\\activity-xianxia-neighbor-festival.jpg',
  filename: 'E:\\个人网站\\public\\images\\activity-xianxia-neighbor-festival.jpg'
}

Node.js v24.18.0
